JAX not found - running in CPU mode. Install with: pip install jax jaxlib
JAX not found - running in CPU mode. Install with: pip install jax jaxlib
Loading model...

======================================================================
Debugging treelet construction for role (3,2)
======================================================================

Daughters of (3,2):
  l: ['(2,2)']
  r: ['(2,3)']

Treelet frame: ['(2,2)', '(2,3)', '(3,2)']

Total unique rules: 27

First 20 rules:
0: NP[1](*N,RC[1])
1: PP[1](P,N)
2: RC[1](*Vpp,PP[1])
3: S[1](N,Vi)
4: S[2](*N,VP[1])
5: S[2](*N,VP[2])
6: S[2](*N,VP[3])
7: S[3](NP[1],*Vi)
8: VP[1](*Vi,PP[1])
9: VP[2](BE,Vpp)
10: VP[3](*BE,VPpp[1])
11: VPpp[1](*Vpp,PP[1])
12: *@(,@)
13: *@(,*@)
14: *BE(BE,)
15: *BE(*BE,)
16: *N(N,)
17: *N(*N,)
18: *Vi(Vi,)
19: *Vi(*Vi,)

Total treelets at (3,2): 27

First 10 treelets:
0: ['*N:0/(2,2)', 'RC[1]:1/(2,3)', 'NP[1]:0/(3,2)']
1: ['P:0/(2,2)', 'N:1/(2,3)', 'PP[1]:1/(3,2)']
2: ['*Vpp:0/(2,2)', 'PP[1]:1/(2,3)', 'RC[1]:1/(3,2)']
3: ['N:0/(2,2)', 'Vi:1/(2,3)', 'S[1]:0/(3,2)']
4: ['*N:0/(2,2)', 'VP[1]:1/(2,3)', 'S[2]:0/(3,2)']
5: ['*N:0/(2,2)', 'VP[2]:1/(2,3)', 'S[2]:0/(3,2)']
6: ['*N:0/(2,2)', 'VP[3]:1/(2,3)', 'S[2]:0/(3,2)']
7: ['NP[1]:0/(2,2)', '*Vi:1/(2,3)', 'S[3]:0/(3,2)']
8: ['*Vi:0/(2,2)', 'PP[1]:1/(2,3)', 'VP[1]:1/(3,2)']
9: ['BE:0/(2,2)', 'Vpp:1/(2,3)', 'VP[2]:1/(3,2)']

======================================================================
Checking if treelet bindings exist in binding_names:
======================================================================

Treelet 0: ['*N:0/(2,2)', 'RC[1]:1/(2,3)', 'NP[1]:0/(3,2)']
  Binding indices: [165, 203, 281]
  Actual binding names: ['*N:0/(2,2)', 'RC[1]:1/(2,3)', 'NP[1]:0/(3,2)']

Treelet 1: ['P:0/(2,2)', 'N:1/(2,3)', 'PP[1]:1/(3,2)']
  Binding indices: [174, 199, 283]
  Actual binding names: ['P:0/(2,2)', 'N:1/(2,3)', 'PP[1]:1/(3,2)']

Treelet 2: ['*Vpp:0/(2,2)', 'PP[1]:1/(2,3)', 'RC[1]:1/(3,2)']
  Binding indices: [168, 202, 284]
  Actual binding names: ['*Vpp:0/(2,2)', 'PP[1]:1/(2,3)', 'RC[1]:1/(3,2)']

Treelet 3: ['N:0/(2,2)', 'Vi:1/(2,3)', 'S[1]:0/(3,2)']
  Binding indices: [171, 212, 285]
  Actual binding names: ['N:0/(2,2)', 'Vi:1/(2,3)', 'S[1]:0/(3,2)']

Treelet 4: ['*N:0/(2,2)', 'VP[1]:1/(2,3)', 'S[2]:0/(3,2)']
  Binding indices: [165, 207, 286]
  Actual binding names: ['*N:0/(2,2)', 'VP[1]:1/(2,3)', 'S[2]:0/(3,2)']

Treelet 5: ['*N:0/(2,2)', 'VP[2]:1/(2,3)', 'S[2]:0/(3,2)']
  Binding indices: [165, 208, 286]
  Actual binding names: ['*N:0/(2,2)', 'VP[2]:1/(2,3)', 'S[2]:0/(3,2)']

Treelet 6: ['*N:0/(2,2)', 'VP[3]:1/(2,3)', 'S[2]:0/(3,2)']
  Binding indices: [165, 209, 286]
  Actual binding names: ['*N:0/(2,2)', 'VP[3]:1/(2,3)', 'S[2]:0/(3,2)']

Treelet 7: ['NP[1]:0/(2,2)', '*Vi:1/(2,3)', 'S[3]:0/(3,2)']
  Binding indices: [173, 194, 287]
  Actual binding names: ['NP[1]:0/(2,2)', '*Vi:1/(2,3)', 'S[3]:0/(3,2)']

Treelet 8: ['*Vi:0/(2,2)', 'PP[1]:1/(2,3)', 'VP[1]:1/(3,2)']
  Binding indices: [166, 202, 288]
  Actual binding names: ['*Vi:0/(2,2)', 'PP[1]:1/(2,3)', 'VP[1]:1/(3,2)']

Treelet 9: ['BE:0/(2,2)', 'Vpp:1/(2,3)', 'VP[2]:1/(3,2)']
  Binding indices: [170, 214, 289]
  Actual binding names: ['BE:0/(2,2)', 'Vpp:1/(2,3)', 'VP[2]:1/(3,2)']
Found S1 at index 1
words are ['N', 'Vi', 'P', 'N']

======================================================================
Computing treelet activations for role (3,2)
======================================================================
rules are [{'m': 'NP[1]:0', 'd1': '*N:0', 'd2': 'RC[1]:1', 'p': 1.0}, {'m': 'PP[1]:1', 'd1': 'P:0', 'd2': 'N:1', 'p': 1.0}, {'m': 'RC[1]:1', 'd1': '*Vpp:0', 'd2': 'PP[1]:1', 'p': 1.0}, {'m': 'S[1]:0', 'd1': 'N:0', 'd2': 'Vi:1', 'p': 0.35}, {'m': 'S[2]:0', 'd1': '*N:0', 'd2': 'VP[1]:1', 'p': 0.3}, {'m': 'S[2]:0', 'd1': '*N:0', 'd2': 'VP[2]:1', 'p': 0.18}, {'m': 'S[2]:0', 'd1': '*N:0', 'd2': 'VP[3]:1', 'p': 0.12}, {'m': 'S[3]:0', 'd1': 'NP[1]:0', 'd2': '*Vi:1', 'p': 0.05}, {'m': 'VP[1]:1', 'd1': '*Vi:0', 'd2': 'PP[1]:1', 'p': 0.5}, {'m': 'VP[2]:1', 'd1': 'BE:0', 'd2': 'Vpp:1', 'p': 0.3}, {'m': 'VP[3]:1', 'd1': '*BE:0', 'd2': 'VPpp[1]:1', 'p': 0.2}, {'m': 'VPpp[1]:1', 'd1': '*Vpp:0', 'd2': 'PP[1]:1', 'p': 1.0}, {'m': '*@:1', 'd1': None, 'd2': '@:1', 'p': None}, {'m': '*@:1', 'd1': None, 'd2': '*@:1', 'p': None}, {'m': '*BE:0', 'd1': 'BE:0', 'd2': None, 'p': None}, {'m': '*BE:0', 'd1': '*BE:0', 'd2': None, 'p': None}, {'m': '*N:0', 'd1': 'N:0', 'd2': None, 'p': None}, {'m': '*N:0', 'd1': '*N:0', 'd2': None, 'p': None}, {'m': '*Vi:0', 'd1': 'Vi:0', 'd2': None, 'p': None}, {'m': '*Vi:0', 'd1': '*Vi:0', 'd2': None, 'p': None}, {'m': '*Vi:1', 'd1': None, 'd2': 'Vi:1', 'p': None}, {'m': '*Vi:1', 'd1': None, 'd2': '*Vi:1', 'p': None}, {'m': '*Vpp:0', 'd1': 'Vpp:0', 'd2': None, 'p': None}, {'m': '*Vpp:0', 'd1': '*Vpp:0', 'd2': None, 'p': None}, {'m': '#:0', 'd1': 'S[1]:0', 'd2': '*@:1', 'p': None}, {'m': '#:0', 'd1': 'S[2]:0', 'd2': '*@:1', 'p': None}, {'m': '#:0', 'd1': 'S[3]:0', 'd2': '*@:1', 'p': None}]
actC_trace is [[ 0.04170811  0.02092098  0.10653055 ...  0.02632069  0.03794593
   0.18862138]
 [ 0.03664053  0.02307849  0.10700311 ...  0.02464116  0.05012019
   0.17533815]
 [ 0.03075555  0.04101011  0.11494007 ...  0.03619143  0.06883145
   0.16469435]
 ...
 [ 0.01288653  0.00678771  0.00793881 ... -0.0043463  -0.01116509
   0.00384654]
 [ 0.02224814  0.03131388 -0.0101378  ...  0.01267236 -0.01328955
   0.01000888]
 [ 0.02843953  0.01784016 -0.0068456  ...  0.00492213 -0.00193133
   0.00424707]]

Top 4 treelets by activation sum:

1. Rule index 8: VP[1](*Vi,PP[1])
   Total activation: 2648.276944
   Rule details: m=VP[1]:1, d1=*Vi:0, d2=PP[1]:1
   Treelet: ['*Vi:0/(2,2)', 'PP[1]:1/(2,3)', 'VP[1]:1/(3,2)']
   Binding indices: [166, 202, 288]
   Actual bindings: ['*Vi:0/(2,2)', 'PP[1]:1/(2,3)', 'VP[1]:1/(3,2)']
   Final activations: [0.97890603 0.98072638 1.00396972]

2. Rule index 19: *Vi(*Vi,)
   Total activation: 1616.757335
   Rule details: m=*Vi:0, d1=*Vi:0, d2=None
   Treelet: ['*Vi:0/(2,2)', '*Vi:0/(3,2)']
   Binding indices: [166, 274]
   Actual bindings: ['*Vi:0/(2,2)', '*Vi:0/(3,2)']
   Final activations: [0.97890603 0.09039259]

3. Rule index 11: VPpp[1](*Vpp,PP[1])
   Total activation: 1126.843408
   Rule details: m=VPpp[1]:1, d1=*Vpp:0, d2=PP[1]:1
   Treelet: ['*Vpp:0/(2,2)', 'PP[1]:1/(2,3)', 'VPpp[1]:1/(3,2)']
   Binding indices: [168, 202, 291]
   Actual bindings: ['*Vpp:0/(2,2)', 'PP[1]:1/(2,3)', 'VPpp[1]:1/(3,2)']
   Final activations: [-0.01335951  0.98072638  0.05044242]

4. Rule index 2: RC[1](*Vpp,PP[1])
   Total activation: 1076.019765
   Rule details: m=RC[1]:1, d1=*Vpp:0, d2=PP[1]:1
   Treelet: ['*Vpp:0/(2,2)', 'PP[1]:1/(2,3)', 'RC[1]:1/(3,2)']
   Binding indices: [168, 202, 284]
   Actual bindings: ['*Vpp:0/(2,2)', 'PP[1]:1/(2,3)', 'RC[1]:1/(3,2)']
   Final activations: [-0.01335951  0.98072638  0.04142913]

======================================================================
Expected from paper: VP[1](*Vi,PP[1]), *Vi(*Vi,), RC[1](*Vpp,PP[1]), VPpp[1](*Vpp,PP[1])
======================================================================
