======================================================================
GSC GPU Training Job Started
======================================================================
Job ID: 606723
Node: brandal
Start Time: Sat Dec  6 01:32:23 AM EST 2025

----------------------------------------------------------------------
GPU Information:
----------------------------------------------------------------------
Sat Dec  6 01:32:23 2025       
+-----------------------------------------------------------------------------------------+
| NVIDIA-SMI 570.124.06             Driver Version: 570.124.06     CUDA Version: 12.8     |
|-----------------------------------------+------------------------+----------------------+
| GPU  Name                 Persistence-M | Bus-Id          Disp.A | Volatile Uncorr. ECC |
| Fan  Temp   Perf          Pwr:Usage/Cap |           Memory-Usage | GPU-Util  Compute M. |
|                                         |                        |               MIG M. |
|=========================================+========================+======================|
|   0  NVIDIA RTX A5000               On  |   00000000:4F:00.0 Off |                  Off |
| 30%   48C    P5             40W /  230W |       2MiB /  24564MiB |      0%      Default |
|                                         |                        |                  N/A |
+-----------------------------------------+------------------------+----------------------+
                                                                                         
+-----------------------------------------------------------------------------------------+
| Processes:                                                                              |
|  GPU   GI   CI              PID   Type   Process name                        GPU Memory |
|        ID   ID                                                               Usage      |
|=========================================================================================|
|  No running processes found                                                             |
+-----------------------------------------------------------------------------------------+

----------------------------------------------------------------------
CUDA Version:
----------------------------------------------------------------------
nvcc not found

======================================================================
Running Full Training (1000 epochs)
======================================================================
Global random seed set to 41 for testing
Filler names: ['#:0', '*@:1', '*BE:0', '*N:0', '*Vi:0', '*Vi:1', '*Vpp:0', '@:1', 'BE:0', 'N:0', 'N:1', 'NP[1]:0', 'P:0', 'PP[1]:1', 'RC[1]:1', 'S[1]:0', 'S[2]:0', 'S[3]:0', 'VP[1]:1', 'VP[2]:1', 'VP[3]:1', 'VPpp[1]:1', 'Vi:0', 'Vi:1', 'Vpp:0', 'Vpp:1', '_']
Number of fillers: 27
0.024228334426879883 s for generating encodings
0.07214212417602539 s for initializing parameter values
0.617311954498291 s for finding a global equilibrium point

======================================================================
MODE VERIFICATION:
======================================================================
  use_sparse: False
  WC type: numpy.ndarray
  WC shape: (405, 405)
  dim_f used: 27
  dim_r used: 15
  num_fillers: 27
  num_roles: 15
  num_bindings: 405
======================================================================


======================================================================
Target sentence probabilities (first 10):
Sentence 0: p = 0.3436 (N Vi)
Sentence 1: p = 0.3082 (N Vi P N)
Sentence 2: p = 0.1768 (N BE Vpp)
Sentence 3: p = 0.1194 (N BE Vpp P N)
Sentence 4: p = 0.0520 (N Vpp P N Vi)

Checking mask0:
  mask0 non-zero entries: 40,095 / 164,025

========================================
=== WC Statistics BEFORE Training ===
  WC type: dense
  WC sum: -1308.000000
  WC diagonal sum: -2828.000000
  WC max: 2.000000, min: -10.000000
  First 10 non-zero entries (row, col, val):
    (0, 0): -10.000000
    (1, 1): -10.000000
    (2, 2): -10.000000
    (2, 137): 2.000000
    (2, 155): 2.000000
    (3, 3): -10.000000
    (3, 138): 2.000000
    (3, 146): 2.000000
    (3, 151): 2.000000
    (4, 4): -10.000000
========================================

=== Dynamics Test ===
  WC.dot(test_actC) sum: -636.8202978977
  WC.dot(test_actC) first 5: [-3.74540119 -9.50714306 -5.42979096 -3.56107319  1.36228328]
========================================

======================================================================
Training Grammar 1...
======================================================================
[0010]   23.193 | 0.000 0.000 0.250 0.500 0.000 | 0.750 | 0.631 0.000
[0020]   22.539 | 0.000 0.750 0.000 0.000 0.000 | 0.750 | 0.692 0.000
[0030]   27.040 | 0.000 0.000 0.750 0.000 0.000 | 0.750 | 0.573 0.000
[0040]   15.648 | 0.250 0.000 0.750 0.000 0.000 | 1.000 | 0.573 0.000
[0050]   22.450 | 0.000 1.000 0.000 0.000 0.000 | 1.000 | 0.692 0.000
[0060]   27.413 | 0.000 0.000 0.000 0.250 0.250 | 0.500 | 0.579 0.000
[0070]   21.228 | 1.000 0.000 0.000 0.000 0.000 | 1.000 | 0.656 0.000
[0080]   26.989 | 0.000 0.000 1.000 0.000 0.000 | 1.000 | 0.823 0.000
[0090]   15.648 | 0.250 0.000 0.750 0.000 0.000 | 1.000 | 0.573 0.000
[0100]   15.648 | 0.250 0.000 0.750 0.000 0.000 | 1.000 | 0.573 0.000
[0110]   21.551 | 0.000 0.000 0.250 0.250 0.250 | 0.750 | 0.579 0.000
[0120]   11.248 | 0.500 0.250 0.000 0.000 0.000 | 0.750 | 0.296 0.000
[0130]   11.109 | 0.750 0.250 0.000 0.000 0.000 | 1.000 | 0.406 0.000
[0140]   26.989 | 0.000 0.000 1.000 0.000 0.000 | 1.000 | 0.823 0.000
[0150]   15.482 | 0.500 0.000 0.500 0.000 0.000 | 1.000 | 0.480 0.000
[0160]   15.843 | 0.250 0.000 0.250 0.000 0.000 | 0.500 | 0.250 0.000
[0170]   15.720 | 0.250 0.000 0.500 0.000 0.000 | 0.750 | 0.323 0.000
[0180]   16.803 | 0.000 0.500 0.250 0.000 0.000 | 0.750 | 0.442 0.000
[0190]   15.482 | 0.500 0.000 0.500 0.000 0.000 | 1.000 | 0.480 0.000
[0200]   15.482 | 0.500 0.000 0.500 0.000 0.000 | 1.000 | 0.480 0.000
[0210]   22.450 | 0.000 1.000 0.000 0.000 0.000 | 1.000 | 0.692 0.000
[0220]   31.314 | 0.000 0.000 0.000 0.000 0.750 | 0.750 | 0.948 0.000
[0230]    7.314 | 0.250 0.500 0.000 0.250 0.000 | 1.000 | 0.270 0.000
[0240]   21.228 | 1.000 0.000 0.000 0.000 0.000 | 1.000 | 0.656 0.000
[0250]   11.109 | 0.750 0.250 0.000 0.000 0.000 | 1.000 | 0.406 0.000
[0260]   15.465 | 0.750 0.000 0.250 0.000 0.000 | 1.000 | 0.480 0.000
[0270]   22.539 | 0.000 0.750 0.000 0.000 0.000 | 0.750 | 0.692 0.000
[0280]   22.450 | 0.000 1.000 0.000 0.000 0.000 | 1.000 | 0.692 0.000
[0290]   21.228 | 1.000 0.000 0.000 0.000 0.000 | 1.000 | 0.656 0.000
[0300]    5.625 | 0.250 0.250 0.250 0.000 0.000 | 0.750 | 0.250 0.000
[0310]   17.614 | 0.250 0.000 0.000 0.750 0.000 | 1.000 | 0.631 0.000
[0320]   22.450 | 0.000 1.000 0.000 0.000 0.000 | 1.000 | 0.692 0.000
[0330]   11.801 | 0.250 0.000 0.250 0.500 0.000 | 1.000 | 0.454 0.000
[0340]   18.581 | 0.000 0.750 0.000 0.250 0.000 | 1.000 | 0.520 0.000
[0350]   21.228 | 1.000 0.000 0.000 0.000 0.000 | 1.000 | 0.656 0.000
[0360]   12.975 | 0.000 0.250 0.250 0.500 0.000 | 1.000 | 0.454 0.000
[0370]   11.148 | 0.250 0.750 0.000 0.000 0.000 | 1.000 | 0.442 0.000
[0380]   21.228 | 1.000 0.000 0.000 0.000 0.000 | 1.000 | 0.656 0.000
[0390]   16.894 | 0.000 0.250 0.500 0.000 0.000 | 0.750 | 0.454 0.000
[0400]   17.368 | 0.750 0.000 0.000 0.250 0.000 | 1.000 | 0.406 0.000
[0410]   11.148 | 0.250 0.750 0.000 0.000 0.000 | 1.000 | 0.442 0.000
[0420]   22.450 | 0.000 1.000 0.000 0.000 0.000 | 1.000 | 0.692 0.000
[0430]   15.482 | 0.500 0.000 0.500 0.000 0.000 | 1.000 | 0.480 0.000
[0440]   26.989 | 0.000 0.000 1.000 0.000 0.000 | 1.000 | 0.823 0.000
[0450]    9.524 | 0.500 0.250 0.000 0.000 0.250 | 1.000 | 0.296 0.000
[0460]   15.482 | 0.500 0.000 0.500 0.000 0.000 | 1.000 | 0.480 0.000
[0470]   15.465 | 0.750 0.000 0.250 0.000 0.000 | 1.000 | 0.480 0.000
[0480]   25.316 | 0.000 0.000 0.750 0.000 0.250 | 1.000 | 0.573 0.000
[0490]   15.465 | 0.750 0.000 0.250 0.000 0.000 | 1.000 | 0.480 0.000
[0500]   15.465 | 0.750 0.000 0.250 0.000 0.000 | 1.000 | 0.480 0.000
[0510]   11.035 | 0.500 0.500 0.000 0.000 0.000 | 1.000 | 0.296 0.000
[0520]   22.450 | 0.000 1.000 0.000 0.000 0.000 | 1.000 | 0.692 0.000
[0530]   26.989 | 0.000 0.000 1.000 0.000 0.000 | 1.000 | 0.823 0.000
[0540]   11.148 | 0.250 0.750 0.000 0.000 0.000 | 1.000 | 0.442 0.000
[0550]   19.603 | 0.750 0.000 0.000 0.000 0.250 | 1.000 | 0.406 0.000
[0560]   11.273 | 0.250 0.500 0.000 0.000 0.000 | 0.750 | 0.442 0.000
[0570]   16.678 | 0.000 0.750 0.250 0.000 0.000 | 1.000 | 0.442 0.000
[0580]   15.482 | 0.500 0.000 0.500 0.000 0.000 | 1.000 | 0.480 0.000
[0590]   20.904 | 0.000 0.500 0.000 0.000 0.500 | 1.000 | 0.640 0.000
[0600]   15.465 | 0.750 0.000 0.250 0.000 0.000 | 1.000 | 0.480 0.000
[0610]   25.316 | 0.000 0.000 0.750 0.000 0.250 | 1.000 | 0.573 0.000
[0620]   25.316 | 0.000 0.000 0.750 0.000 0.250 | 1.000 | 0.573 0.000
[0630]   27.282 | 0.000 0.000 0.000 0.750 0.250 | 1.000 | 0.829 0.000
[0640]   11.248 | 0.500 0.250 0.000 0.000 0.000 | 0.750 | 0.296 0.000
[0650]   11.035 | 0.500 0.500 0.000 0.000 0.000 | 1.000 | 0.296 0.000
[0660]   22.450 | 0.000 1.000 0.000 0.000 0.000 | 1.000 | 0.692 0.000
[0670]   15.465 | 0.750 0.000 0.250 0.000 0.000 | 1.000 | 0.480 0.000
[0680]   11.762 | 0.250 0.000 0.500 0.250 0.000 | 1.000 | 0.454 0.000
[0690]   18.581 | 0.000 0.750 0.000 0.250 0.000 | 1.000 | 0.520 0.000
[0700]   11.148 | 0.250 0.750 0.000 0.000 0.000 | 1.000 | 0.442 0.000
[0710]   11.148 | 0.250 0.750 0.000 0.000 0.000 | 1.000 | 0.442 0.000
[0720]   15.465 | 0.750 0.000 0.250 0.000 0.000 | 1.000 | 0.480 0.000
[0730]   13.880 | 0.500 0.000 0.250 0.000 0.250 | 1.000 | 0.308 0.000
[0740]   17.507 | 0.500 0.000 0.000 0.250 0.000 | 0.750 | 0.406 0.000
[0750]   20.904 | 0.000 0.500 0.000 0.000 0.500 | 1.000 | 0.640 0.000
[0760]    7.290 | 0.500 0.250 0.000 0.250 0.000 | 1.000 | 0.177 0.000
[0770]   21.228 | 1.000 0.000 0.000 0.000 0.000 | 1.000 | 0.656 0.000
[0780]   15.648 | 0.250 0.000 0.750 0.000 0.000 | 1.000 | 0.573 0.000
[0790]   15.482 | 0.500 0.000 0.500 0.000 0.000 | 1.000 | 0.480 0.000
[0800]   11.109 | 0.750 0.250 0.000 0.000 0.000 | 1.000 | 0.406 0.000
[0810]   11.762 | 0.250 0.000 0.500 0.250 0.000 | 1.000 | 0.454 0.000
[0820]   17.614 | 0.250 0.000 0.000 0.750 0.000 | 1.000 | 0.631 0.000
[0830]    5.502 | 0.250 0.250 0.500 0.000 0.000 | 1.000 | 0.323 0.000
[0840]    5.502 | 0.250 0.250 0.500 0.000 0.000 | 1.000 | 0.323 0.000
[0850]   22.450 | 0.000 1.000 0.000 0.000 0.000 | 1.000 | 0.692 0.000
[0860]   22.450 | 0.000 1.000 0.000 0.000 0.000 | 1.000 | 0.692 0.000
[0870]   21.228 | 1.000 0.000 0.000 0.000 0.000 | 1.000 | 0.656 0.000
[0880]   21.228 | 1.000 0.000 0.000 0.000 0.000 | 1.000 | 0.656 0.000
[0890]   21.228 | 1.000 0.000 0.000 0.000 0.000 | 1.000 | 0.656 0.000
[0900]   15.939 | 0.250 0.000 0.000 0.500 0.250 | 1.000 | 0.579 0.000
[0910]   21.228 | 1.000 0.000 0.000 0.000 0.000 | 1.000 | 0.656 0.000
[0920]   20.815 | 0.000 0.750 0.000 0.000 0.250 | 1.000 | 0.640 0.000
[0930]   15.482 | 0.500 0.000 0.500 0.000 0.000 | 1.000 | 0.480 0.000
[0940]   21.228 | 1.000 0.000 0.000 0.000 0.000 | 1.000 | 0.656 0.000
[0950]   15.079 | 0.000 0.500 0.250 0.000 0.250 | 1.000 | 0.390 0.000
[0960]   21.228 | 1.000 0.000 0.000 0.000 0.000 | 1.000 | 0.656 0.000
[0970]   15.465 | 0.750 0.000 0.250 0.000 0.000 | 1.000 | 0.480 0.000
[0980]   15.465 | 0.750 0.000 0.250 0.000 0.000 | 1.000 | 0.480 0.000
[0990]   11.762 | 0.250 0.000 0.500 0.250 0.000 | 1.000 | 0.454 0.000
[1000]   15.465 | 0.750 0.000 0.250 0.000 0.000 | 1.000 | 0.480 0.000

======================================================================
Training complete!

========================================
=== WC Statistics AFTER Training ===
  WC type: dense
  WC sum: -1308.000000
  WC diagonal sum: -2828.000000
  WC max: 2.845000, min: -10.000000
========================================
Final KL divergence: 16.185 (SD = 5.449)
Final production accuracy: 0.980 (SD = 0.076)

Final learned probabilities Q(S):
Sentence 0: Q = 0.343
Sentence 1: Q = 0.300
Sentence 2: Q = 0.180
Sentence 3: Q = 0.110
Sentence 4: Q = 0.048

======================================================================
DEBUG: Analyzing model structure for sparse vs dense comparison
======================================================================

----------------------------------------------------------------------
Final GPU Status:
----------------------------------------------------------------------
Sat Dec  6 02:23:36 2025       
+-----------------------------------------------------------------------------------------+
| NVIDIA-SMI 570.124.06             Driver Version: 570.124.06     CUDA Version: 12.8     |
|-----------------------------------------+------------------------+----------------------+
| GPU  Name                 Persistence-M | Bus-Id          Disp.A | Volatile Uncorr. ECC |
| Fan  Temp   Perf          Pwr:Usage/Cap |           Memory-Usage | GPU-Util  Compute M. |
|                                         |                        |               MIG M. |
|=========================================+========================+======================|
|   0  NVIDIA RTX A5000               On  |   00000000:4F:00.0 Off |                  Off |
| 30%   25C    P8             17W /  230W |       2MiB /  24564MiB |      0%      Default |
|                                         |                        |                  N/A |
+-----------------------------------------+------------------------+----------------------+
                                                                                         
+-----------------------------------------------------------------------------------------+
| Processes:                                                                              |
|  GPU   GI   CI              PID   Type   Process name                        GPU Memory |
|        ID   ID                                                               Usage      |
|=========================================================================================|
|  No running processes found                                                             |
+-----------------------------------------------------------------------------------------+

======================================================================
Job Completed
End Time: Sat Dec  6 02:23:36 AM EST 2025
======================================================================
Global random seed set to 41 for testing

======================================================================
Generating training plots (Figure 11)...
Note: plot_train_result() will display 3 separate plots
======================================================================

======================================================================
Testing parsing accuracy (Figure 12)...
======================================================================
Sentence 0 ACC = 1.000 (N Vi)
Sentence 1 ACC = 1.000 (N Vi P N)
Sentence 2 ACC = 1.000 (N BE Vpp)
Sentence 3 ACC = 1.000 (N BE Vpp P N)
Sentence 4 ACC = 0.500 (N Vpp P N Vi)
Commitment t= 1: Overall accuracy = 0.900
  S0 (N Vi): 1.000
  S1 (N Vi P N): 1.000
  S2 (N BE Vpp): 1.000
  S3 (N BE Vpp P N): 1.000
  S4 (N Vpp P N Vi): 0.500
Sentence 0 ACC = 1.000 (N Vi)
Sentence 1 ACC = 1.000 (N Vi P N)
Sentence 2 ACC = 1.000 (N BE Vpp)
Sentence 3 ACC = 1.000 (N BE Vpp P N)
Sentence 4 ACC = 0.800 (N Vpp P N Vi)
Commitment t= 2: Overall accuracy = 0.960
  S0 (N Vi): 1.000
  S1 (N Vi P N): 1.000
  S2 (N BE Vpp): 1.000
  S3 (N BE Vpp P N): 1.000
  S4 (N Vpp P N Vi): 0.800
Sentence 0 ACC = 1.000 (N Vi)
Sentence 1 ACC = 1.000 (N Vi P N)
Sentence 2 ACC = 1.000 (N BE Vpp)
Sentence 3 ACC = 1.000 (N BE Vpp P N)
Sentence 4 ACC = 0.500 (N Vpp P N Vi)
Commitment t= 3: Overall accuracy = 0.900
  S0 (N Vi): 1.000
  S1 (N Vi P N): 1.000
  S2 (N BE Vpp): 1.000
  S3 (N BE Vpp P N): 1.000
  S4 (N Vpp P N Vi): 0.500
Sentence 0 ACC = 1.000 (N Vi)
Sentence 1 ACC = 1.000 (N Vi P N)
Sentence 2 ACC = 1.000 (N BE Vpp)
Sentence 3 ACC = 1.000 (N BE Vpp P N)
Sentence 4 ACC = 0.800 (N Vpp P N Vi)
Commitment t= 4: Overall accuracy = 0.960
  S0 (N Vi): 1.000
  S1 (N Vi P N): 1.000
  S2 (N BE Vpp): 1.000
  S3 (N BE Vpp P N): 1.000
  S4 (N Vpp P N Vi): 0.800
Sentence 0 ACC = 1.000 (N Vi)
Sentence 1 ACC = 1.000 (N Vi P N)
Sentence 2 ACC = 1.000 (N BE Vpp)
Sentence 3 ACC = 1.000 (N BE Vpp P N)
Sentence 4 ACC = 0.800 (N Vpp P N Vi)
Commitment t= 5: Overall accuracy = 0.960
  S0 (N Vi): 1.000
  S1 (N Vi P N): 1.000
  S2 (N BE Vpp): 1.000
  S3 (N BE Vpp P N): 1.000
  S4 (N Vpp P N Vi): 0.800
Sentence 0 ACC = 1.000 (N Vi)
Sentence 1 ACC = 1.000 (N Vi P N)
Sentence 2 ACC = 1.000 (N BE Vpp)
Sentence 3 ACC = 1.000 (N BE Vpp P N)
Sentence 4 ACC = 0.900 (N Vpp P N Vi)
Commitment t= 6: Overall accuracy = 0.980
  S0 (N Vi): 1.000
  S1 (N Vi P N): 1.000
  S2 (N BE Vpp): 1.000
  S3 (N BE Vpp P N): 1.000
  S4 (N Vpp P N Vi): 0.900
Sentence 0 ACC = 1.000 (N Vi)
Sentence 1 ACC = 1.000 (N Vi P N)
Sentence 2 ACC = 1.000 (N BE Vpp)
Sentence 3 ACC = 1.000 (N BE Vpp P N)
Sentence 4 ACC = 1.000 (N Vpp P N Vi)
Commitment t= 7: Overall accuracy = 1.000
  S0 (N Vi): 1.000
  S1 (N Vi P N): 1.000
  S2 (N BE Vpp): 1.000
  S3 (N BE Vpp P N): 1.000
  S4 (N Vpp P N Vi): 1.000
Sentence 0 ACC = 1.000 (N Vi)
Sentence 1 ACC = 1.000 (N Vi P N)
Sentence 2 ACC = 1.000 (N BE Vpp)
Sentence 3 ACC = 1.000 (N BE Vpp P N)
Sentence 4 ACC = 1.000 (N Vpp P N Vi)
Commitment t= 8: Overall accuracy = 1.000
  S0 (N Vi): 1.000
  S1 (N Vi P N): 1.000
  S2 (N BE Vpp): 1.000
  S3 (N BE Vpp P N): 1.000
  S4 (N Vpp P N Vi): 1.000
Sentence 0 ACC = 1.000 (N Vi)
Sentence 1 ACC = 1.000 (N Vi P N)
Sentence 2 ACC = 1.000 (N BE Vpp)
Sentence 3 ACC = 1.000 (N BE Vpp P N)
Sentence 4 ACC = 1.000 (N Vpp P N Vi)
Commitment t= 9: Overall accuracy = 1.000
  S0 (N Vi): 1.000
  S1 (N Vi P N): 1.000
  S2 (N BE Vpp): 1.000
  S3 (N BE Vpp P N): 1.000
  S4 (N Vpp P N Vi): 1.000
Sentence 0 ACC = 1.000 (N Vi)
Sentence 1 ACC = 1.000 (N Vi P N)
Sentence 2 ACC = 1.000 (N BE Vpp)
Sentence 3 ACC = 1.000 (N BE Vpp P N)
Sentence 4 ACC = 1.000 (N Vpp P N Vi)
Commitment t=10: Overall accuracy = 1.000
  S0 (N Vi): 1.000
  S1 (N Vi P N): 1.000
  S2 (N BE Vpp): 1.000
  S3 (N BE Vpp P N): 1.000
  S4 (N Vpp P N Vi): 1.000
Sentence 0 ACC = 1.000 (N Vi)
Sentence 1 ACC = 1.000 (N Vi P N)
Sentence 2 ACC = 1.000 (N BE Vpp)
Sentence 3 ACC = 1.000 (N BE Vpp P N)
Sentence 4 ACC = 1.000 (N Vpp P N Vi)
Commitment t=11: Overall accuracy = 1.000
  S0 (N Vi): 1.000
  S1 (N Vi P N): 1.000
  S2 (N BE Vpp): 1.000
  S3 (N BE Vpp P N): 1.000
  S4 (N Vpp P N Vi): 1.000
Sentence 0 ACC = 1.000 (N Vi)
Sentence 1 ACC = 1.000 (N Vi P N)
Sentence 2 ACC = 1.000 (N BE Vpp)
Sentence 3 ACC = 1.000 (N BE Vpp P N)
Sentence 4 ACC = 1.000 (N Vpp P N Vi)
Commitment t=12: Overall accuracy = 1.000
  S0 (N Vi): 1.000
  S1 (N Vi P N): 1.000
  S2 (N BE Vpp): 1.000
  S3 (N BE Vpp P N): 1.000
  S4 (N Vpp P N Vi): 1.000

======================================================================
Generating treelet activation trajectories for each sentence type...
======================================================================

=== CORPUS SENTENCE ORDER ===
S0: N Vi
S1: N Vi P N
S2: N BE Vpp
S3: N BE Vpp P N
S4: N Vpp P N Vi
======================================================================

Generating plots for Sentence 0: N Vi

Generating plots for Sentence 1: N Vi P N

Generating plots for Sentence 2: N BE Vpp

Generating plots for Sentence 3: N BE Vpp P N

Generating plots for Sentence 4: N Vpp P N Vi

======================================================================
Replication complete!
Figures saved as:
  - Plots from plot_train_result() (displayed interactively)
  - figure12_g1_parsing.png

Treelet activation trajectories for each sentence:
  - sap_g1_model_orig_S0_N_Vi.png
  - sap_g1_model_orig_S1_N_Vi_P_N.png <-- S1 = 'N Vi P N'
  - sap_g1_model_orig_S2_N_BE_Vpp.png
  - sap_g1_model_orig_S3_N_BE_Vpp_P_N.png
  - sap_g1_model_orig_S4_N_Vpp_P_N_Vi.png
======================================================================
Finished running at 891.40s
